?   	img-meta	[no test files]
ok  	img-meta/internal/meta	(cached)
ok  	img-meta/internal/rename	(cached)
